// Jest Snapshot v1, https://goo.gl/fbAQLP

exports[`<Guitarist> renders correctly 1`] = `
<h1>
  Joe Satriani
   
  <span>
    (
    Surfing With The Alien
    )
  </span>
</h1>
`;
